// Jest Snapshot v1, https://goo.gl/fbAQLP

exports[`list list 1`] = `
Array [
  ".babelrc",
  ".editorconfig",
  ".flowconfig",
  ".gitignore",
  ".travis.yml",
  "LICENSE.md",
  "README.md",
  "package-lock.json",
  "package.json",
  "shrinkwrap.yaml",
  "src/commands/checkout.js",
  "src/commands/config.js",
  "src/commands/fetch.js",
  "src/commands/init.js",
  "src/index.js",
  "src/models/GitBlob.js",
  "src/models/GitCommit.js",
  "src/models/GitConfig.js",
  "src/models/GitObject.js",
  "src/models/GitTree.js",
  "src/utils/exists.js",
  "src/utils/mkdirs.js",
  "src/utils/read.js",
  "src/utils/resolveRef.js",
  "src/utils/write.js",
  "test/_helpers.js",
  "test/snapshots/test-resolveRef.js.md",
  "test/snapshots/test-resolveRef.js.snap",
  "test/test-clone.js",
  "test/test-config.js",
  "test/test-init.js",
  "test/test-resolveRef.js",
]
`;
