// Jest Snapshot v1, https://goo.gl/fbAQLP

exports[`deleteTag deletes the latest tag to HEAD 1`] = `
Array [
  "prev",
]
`;
