// Jest Snapshot v1, https://goo.gl/fbAQLP

exports[`resolveRef 1e40fdfba1cf17f3c9f9f3d6b392b1865e5147b9 1`] = `"1e40fdfba1cf17f3c9f9f3d6b392b1865e5147b9"`;

exports[`resolveRef HEAD 1`] = `"033417ae18b174f078f2f44232cb7a374f4c60ce"`;

exports[`resolveRef HEAD depth 1`] = `"refs/heads/master"`;

exports[`resolveRef packed-refs 1`] = `"1a2149e96a9767b281a8f10fd014835322da2d14"`;

exports[`resolveRef test-branch 1`] = `"e10ebb90d03eaacca84de1af0a59b444232da99e"`;

exports[`resolveRef config 1`] = `"e10ebb90d03eaacca84de1af0a59b444232da99e"`;

exports[`resolveRef test-tag 1`] = `"1e40fdfba1cf17f3c9f9f3d6b392b1865e5147b9"`;
