// Jest Snapshot v1, https://goo.gl/fbAQLP

exports[`tag creates a lightweight tag to HEAD 1`] = `"cfc039a0acb68bee8bb4f3b13b6b211dbb8c1a69"`;

exports[`tag creates an annotated tag to HEAD 1`] = `"cfc039a0acb68bee8bb4f3b13b6b211dbb8c1a69"`;
