// Jest Snapshot v1, https://goo.gl/fbAQLP

exports[`listBranches listBranches 1`] = `
Array [
  "feature/supercool",
  "master",
  "test-branch",
  "greenkeeper/initial",
]
`;
