// Jest Snapshot v1, https://goo.gl/fbAQLP

exports[`exports exposes only the intended API functions 1`] = `
Array [
  "E",
  "STAGE",
  "TREE",
  "WORKDIR",
  "add",
  "addRemote",
  "annotatedTag",
  "branch",
  "checkout",
  "clone",
  "commit",
  "config",
  "cores",
  "currentBranch",
  "deleteBranch",
  "deleteRef",
  "deleteRemote",
  "deleteTag",
  "expandOid",
  "expandRef",
  "fetch",
  "findMergeBase",
  "findRoot",
  "getRemoteInfo",
  "hashBlob",
  "indexPack",
  "init",
  "isDescendent",
  "listBranches",
  "listFiles",
  "listRemotes",
  "listTags",
  "log",
  "merge",
  "packObjects",
  "plugins",
  "pull",
  "push",
  "readObject",
  "remove",
  "resetIndex",
  "resolveRef",
  "sign",
  "status",
  "statusMatrix",
  "tag",
  "utils",
  "verify",
  "version",
  "walkBeta1",
  "walkBeta2",
  "writeObject",
  "writeRef",
]
`;
