// Jest Snapshot v1, https://goo.gl/fbAQLP

exports[`push push 1`] = `
Array [
  "build started...
",
  "build completed...
",
  "tests started...
",
  "tests completed...
",
  "starting server...
",
  "server running
",
  "Here is a message from 'post-receive' hook.
",
]
`;
